node : Test error 
status: 500
At line:1 char:1
+ node testApi.js > 
test.log 2>&1; type 
test.log
+ ~~~~~~~~~~~~~~~~~~~~~
~~~~~~~~~~
    + CategoryInfo     
         : NotSpecifi  
  ed: (Test error st   
 atus: 500:String)     
[], RemoteExceptio    n
    + FullyQualifiedEr 
   rorId : NativeComm  
  andError
 
Test error data: { 
message: 'Server error 
during registration' }
